Archive member included because of file (symbol)

board/omap3evm/libomap3evm.a(platform.o)
                              cpu/omap3/start.o (cpy_clk_code)
board/omap3evm/libomap3evm.a(omap3evm.o)
                              board/omap3evm/libomap3evm.a(platform.o) (s_init)
cpu/omap3/libomap3.a(mmc.o)   board/omap3evm/libomap3evm.a(omap3evm.o) (mmc_get_dev)
lib/libarm.a(_udivsi3.o)      cpu/omap3/libomap3.a(mmc.o) (__udivsi3)
lib/libarm.a(board.o)         cpu/omap3/start.o (hang)
lib/libarm.a(printf.o)        board/omap3evm/libomap3evm.a(omap3evm.o) (serial_printf)
lib/libarm.a(div0.o)          lib/libarm.a(_udivsi3.o) (__div0)
lib/libarm.a(_umodsi3.o)      lib/libarm.a(printf.o) (__umodsi3)
fs/fat/libfat.a(fat.o)        board/omap3evm/libomap3evm.a(omap3evm.o) (fat_register_device)
disk/libdisk.a(part.o)        fs/fat/libfat.a(fat.o) (dev_print)
drivers/libdrivers.a(serial.o)
                              lib/libarm.a(printf.o) (serial_puts)
drivers/libdrivers.a(ns16550.o)
                              drivers/libdrivers.a(serial.o) (NS16550_init)
drivers/libdrivers.a(onenand.o)
                              lib/libarm.a(board.o) (onenand_read_block)
drivers/libdrivers.a(k9f1g08r0a.o)
                              board/omap3evm/libomap3evm.a(omap3evm.o) (nand_chip)
cpu/omap3/libomap3.a(cpu.o)   lib/libarm.a(board.o) (cpu_init)
lib/libarm.a(ecc.o)           drivers/libdrivers.a(k9f1g08r0a.o) (nand_calculate_ecc)

Memory Configuration

Name             Origin             Length             Attributes
*default*        0x00000000         0xffffffff

Linker script and memory map

                0x00000000                . = 0x0
                0x00000000                . = ALIGN (0x4)

.text           0x40200800     0x4070
 cpu/omap3/start.o(.text)
 .text          0x40200800      0x180 cpu/omap3/start.o
                0x40200800                _start
                0x40200840                _end_vect
                0x40200844                _armboot_start
                0x40200848                _bss_start
                0x4020084c                _bss_end
 *(.text)
 .text          0x40200980      0x514 board/omap3evm/libomap3evm.a(platform.o)
                0x40200984                cpy_clk_code
                0x402009a8                go_to_speed
                0x40200ab0                lowlevel_init
                0x40200b74                get_mpu_dpll_param
                0x40200c1c                get_iva_dpll_param
                0x40200cc4                get_core_dpll_param
                0x40200d1c                get_per_dpll_param
                0x40200e74                get_36x_mpu_dpll_param
                0x40200e7c                get_36x_iva_dpll_param
                0x40200e84                get_36x_core_dpll_param
                0x40200e8c                get_36x_per_dpll_param
 .text          0x40200e94     0x1214 board/omap3evm/libomap3evm.a(omap3evm.o)
                0x40200ea0                udelay
                0x40200ea4                board_init
                0x40200eac                get_device_type
                0x40200ec0                get_sysboot_value
                0x40200ed4                get_mem_type
                0x40200ef4                get_cpu_rev
                0x40200f08                is_cpu_family
                0x40200f50                cpu_is_3410
                0x40200f84                sr32
                0x40200fa4                wait_on_value
                0x40200fd8                get_sdr_cs_size
                0x40200ff0                make_cs1_contiguous
                0x40201018                config_3430sdram_ddr
                0x40201128                get_osc_clk_speed
                0x40201248                get_sys_clkin_sel
                0x402012b4                secure_unlock
                0x40201318                try_unlock_memory
                0x40201330                misc_init_r
                0x40201338                wait_for_command_complete
                0x40201348                watchdog_init
                0x402013b8                dram_init
                0x402013c0                per_clocks_enable
                0x40201470                set_muxconf_regs
                0x4020169c                board_hang
                0x402016a0                mmc_boot
                0x40201728                nand_init
                0x40201864                prcm_init
                0x40202080                s_init
 .text          0x402020a8      0x890 cpu/omap3/libomap3.a(mmc.o)
                0x402020a8                mmc_get_dev
                0x402020b4                mmc_board_init
                0x402020e0                mmc_init_stream
                0x4020215c                mmc_clock_config
                0x402021ec                mmc_init_setup
                0x40202280                mmc_send_cmd
                0x40202310                mmc_read_data
                0x40202398                mmc_detect_card
                0x402025c0                mmc_read_cardsize
                0x402026a8                omap_mmc_read_sect
                0x4020271c                configure_mmc
                0x40202894                mmc_bread
                0x402028b0                mmc_read
                0x402028b8                mmc_write
                0x402028c0                mmc2info
                0x402028c8                mmc_init
 .text          0x40202938       0x98 lib/libarm.a(_udivsi3.o)
                0x40202938                __udivsi3
 .text          0x402029d0      0x114 lib/libarm.a(board.o)
                0x402029d0                hang
                0x402029e8                start_armboot
                0x40202aac                print_info
 .text          0x40202ae4      0x6a0 lib/libarm.a(printf.o)
                0x40202ae4                strnlen
                0x40202d8c                serial_printf
 .text          0x40203184        0x4 lib/libarm.a(div0.o)
                0x40203184                __div0
 .text          0x40203188       0xb4 lib/libarm.a(_umodsi3.o)
                0x40203188                __umodsi3
 .text          0x4020323c      0xc34 fs/fat/libfat.a(fat.o)
                0x4020326c                strncmp
                0x402032b4                strcpy
                0x402032d0                strcmp
                0x40203300                memcpy
                0x40203324                disk_read
                0x402034d4                fat_register_device
                0x40203590                file_fat_detectfs
                0x402038e0                do_fat_read
                0x40203e58                file_fat_read
                0x40203e60                file_fat_ls
 .text          0x40203e70      0x174 disk/libdisk.a(part.o)
                0x40203e70                dev_print
 .text          0x40203fe4       0xa4 drivers/libdrivers.a(serial.o)
                0x40203fe4                serial_setbrg
                0x40203ff4                serial_tstc
                0x40204000                serial_getc
                0x40204014                serial_putc
                0x40204044                serial_puts
                0x4020406c                serial_init
 .text          0x40204088       0xb0 drivers/libdrivers.a(ns16550.o)
                0x40204088                NS16550_init
                0x402040c8                NS16550_reinit
                0x40204100                NS16550_putc
                0x40204118                NS16550_getc
                0x4020412c                NS16550_tstc
 .text          0x40204138      0x164 drivers/libdrivers.a(onenand.o)
                0x40204138                onenand_read_block
                0x4020422c                onenand_chip
 .text          0x4020429c      0x354 drivers/libdrivers.a(k9f1g08r0a.o)
                0x4020434c                nand_read_block
                0x40204544                nand_chip
 .text          0x402045f0        0x8 cpu/omap3/libomap3.a(cpu.o)
                0x402045f0                cpu_init
 .text          0x402045f8      0x278 lib/libarm.a(ecc.o)
                0x402045f8                nand_calculate_ecc
                0x402046f0                nand_correct_data

.glue_7         0x40204870        0x0
 .glue_7        0x00000000        0x0 linker stubs

.glue_7t        0x40204870        0x0
 .glue_7t       0x00000000        0x0 linker stubs

.vfp11_veneer   0x40204870        0x0
 .vfp11_veneer  0x00000000        0x0 linker stubs

.v4_bx          0x40204870        0x0
 .v4_bx         0x00000000        0x0 linker stubs
                0x40204870                . = ALIGN (0x4)

.rodata         0x40204870      0x208
 *(.rodata)
 .rodata        0x40204870       0xc0 board/omap3evm/libomap3evm.a(omap3evm.o)
 .rodata        0x40204930       0x30 cpu/omap3/libomap3.a(mmc.o)
 .rodata        0x40204960       0x18 drivers/libdrivers.a(k9f1g08r0a.o)
 .rodata        0x40204978      0x100 lib/libarm.a(ecc.o)

.rodata.str1.1  0x40204a78      0x4d6
 .rodata.str1.1
                0x40204a78       0xa0 board/omap3evm/libomap3evm.a(omap3evm.o)
 .rodata.str1.1
                0x40204b18       0x9c lib/libarm.a(board.o)
 .rodata.str1.1
                0x40204bb4       0x51 lib/libarm.a(printf.o)
 .rodata.str1.1
                0x40204c05      0x18c fs/fat/libfat.a(fat.o)
                                0x18d (size before relaxing)
 .rodata.str1.1
                0x40204d91       0xe5 disk/libdisk.a(part.o)
 .rodata.str1.1
                0x40204e76       0x87 drivers/libdrivers.a(onenand.o)
 .rodata.str1.1
                0x40204efd       0x51 drivers/libdrivers.a(k9f1g08r0a.o)
                                 0x53 (size before relaxing)
                0x40204f50                . = ALIGN (0x4)

.data           0x40204f50       0x20
 *(.data)
 .data          0x40204f50        0x0 cpu/omap3/start.o
 .data          0x40204f50        0x0 board/omap3evm/libomap3evm.a(platform.o)
 .data          0x40204f50        0x0 board/omap3evm/libomap3evm.a(omap3evm.o)
 .data          0x40204f50        0x0 cpu/omap3/libomap3.a(mmc.o)
 .data          0x40204f50        0x0 lib/libarm.a(_udivsi3.o)
 .data          0x40204f50       0x14 lib/libarm.a(board.o)
                0x40204f50                init_sequence
 .data          0x40204f64        0x0 lib/libarm.a(printf.o)
 .data          0x40204f64        0x0 lib/libarm.a(div0.o)
 .data          0x40204f64        0x0 lib/libarm.a(_umodsi3.o)
 .data          0x40204f64        0xc fs/fat/libfat.a(fat.o)
                0x40204f68                fnamecopy
                0x40204f6c                do_fat_read_block
 .data          0x40204f70        0x0 disk/libdisk.a(part.o)
 .data          0x40204f70        0x0 drivers/libdrivers.a(serial.o)
 .data          0x40204f70        0x0 drivers/libdrivers.a(ns16550.o)
 .data          0x40204f70        0x0 drivers/libdrivers.a(onenand.o)
 .data          0x40204f70        0x0 drivers/libdrivers.a(k9f1g08r0a.o)
 .data          0x40204f70        0x0 cpu/omap3/libomap3.a(cpu.o)
 .data          0x40204f70        0x0 lib/libarm.a(ecc.o)
                0x40204f70                . = ALIGN (0x4)

.got
 *(.got)
                0x40204f70                . = ALIGN (0x4)
                0x40204f70                __bss_start = .

.bss            0x40204f70     0x30f4
 *(.bss)
 .bss           0x40204f70        0x0 cpu/omap3/start.o
 .bss           0x40204f70        0x0 board/omap3evm/libomap3evm.a(platform.o)
 .bss           0x40204f70        0x0 board/omap3evm/libomap3evm.a(omap3evm.o)
 .bss           0x40204f70       0x78 cpu/omap3/libomap3.a(mmc.o)
                0x40204fd4                cur_card_data
 .bss           0x40204fe8        0x0 lib/libarm.a(_udivsi3.o)
 .bss           0x40204fe8        0x0 lib/libarm.a(board.o)
 .bss           0x40204fe8        0x0 lib/libarm.a(printf.o)
 .bss           0x40204fe8        0x0 lib/libarm.a(div0.o)
 .bss           0x40204fe8        0x0 lib/libarm.a(_umodsi3.o)
 .bss           0x40204fe8     0x3078 fs/fat/libfat.a(fat.o)
                0x40204ff0                datablock
                0x40208004                bs
                0x40208044                volinfo
 .bss           0x40208060        0x0 disk/libdisk.a(part.o)
 .bss           0x40208060        0x0 drivers/libdrivers.a(serial.o)
 .bss           0x40208060        0x0 drivers/libdrivers.a(ns16550.o)
 .bss           0x40208060        0x0 drivers/libdrivers.a(onenand.o)
 .bss           0x40208060        0x4 drivers/libdrivers.a(k9f1g08r0a.o)
 .bss           0x40208064        0x0 cpu/omap3/libomap3.a(cpu.o)
 .bss           0x40208064        0x0 lib/libarm.a(ecc.o)
                0x40208064                _end = .
Address of section .text set to 0x40200800
LOAD cpu/omap3/start.o
START GROUP
LOAD board/omap3evm/libomap3evm.a
LOAD cpu/omap3/libomap3.a
LOAD lib/libarm.a
LOAD fs/fat/libfat.a
LOAD disk/libdisk.a
LOAD drivers/libdrivers.a
END GROUP
LOAD /home/vivek/toolchain_folder/arm-2010q1/bin/../lib/gcc/arm-none-linux-gnueabi/4.4.1/libgcc.a
OUTPUT(x-load elf32-littlearm)

.ARM.attributes
                0x00000000       0x10
 .ARM.attributes
                0x00000000       0x10 cpu/omap3/start.o
 .ARM.attributes
                0x00000010       0x10 board/omap3evm/libomap3evm.a(platform.o)
 .ARM.attributes
                0x00000020       0x10 board/omap3evm/libomap3evm.a(omap3evm.o)
 .ARM.attributes
                0x00000030       0x10 cpu/omap3/libomap3.a(mmc.o)
 .ARM.attributes
                0x00000040       0x10 lib/libarm.a(_udivsi3.o)
 .ARM.attributes
                0x00000050       0x10 lib/libarm.a(board.o)
 .ARM.attributes
                0x00000060       0x10 lib/libarm.a(printf.o)
 .ARM.attributes
                0x00000070       0x10 lib/libarm.a(div0.o)
 .ARM.attributes
                0x00000080       0x10 lib/libarm.a(_umodsi3.o)
 .ARM.attributes
                0x00000090       0x10 fs/fat/libfat.a(fat.o)
 .ARM.attributes
                0x000000a0       0x10 disk/libdisk.a(part.o)
 .ARM.attributes
                0x000000b0       0x10 drivers/libdrivers.a(serial.o)
 .ARM.attributes
                0x000000c0       0x10 drivers/libdrivers.a(ns16550.o)
 .ARM.attributes
                0x000000d0       0x10 drivers/libdrivers.a(onenand.o)
 .ARM.attributes
                0x000000e0       0x10 drivers/libdrivers.a(k9f1g08r0a.o)
 .ARM.attributes
                0x000000f0       0x10 cpu/omap3/libomap3.a(cpu.o)
 .ARM.attributes
                0x00000100       0x10 lib/libarm.a(ecc.o)

.comment        0x00000000      0x22f
 .comment       0x00000000       0x2b board/omap3evm/libomap3evm.a(omap3evm.o)
 .comment       0x0000002b       0x2b cpu/omap3/libomap3.a(mmc.o)
 .comment       0x00000056       0x2b lib/libarm.a(board.o)
 .comment       0x00000081       0x2b lib/libarm.a(printf.o)
 .comment       0x000000ac       0x2b lib/libarm.a(div0.o)
 .comment       0x000000d7       0x2b fs/fat/libfat.a(fat.o)
 .comment       0x00000102       0x2b disk/libdisk.a(part.o)
 .comment       0x0000012d       0x2b drivers/libdrivers.a(serial.o)
 .comment       0x00000158       0x2b drivers/libdrivers.a(ns16550.o)
 .comment       0x00000183       0x2b drivers/libdrivers.a(onenand.o)
 .comment       0x000001ae       0x2b drivers/libdrivers.a(k9f1g08r0a.o)
 .comment       0x000001d9       0x2b cpu/omap3/libomap3.a(cpu.o)
 .comment       0x00000204       0x2b lib/libarm.a(ecc.o)

.note.GNU-stack
                0x00000000        0x0
 .note.GNU-stack
                0x00000000        0x0 board/omap3evm/libomap3evm.a(omap3evm.o)
 .note.GNU-stack
                0x00000000        0x0 cpu/omap3/libomap3.a(mmc.o)
 .note.GNU-stack
                0x00000000        0x0 lib/libarm.a(board.o)
 .note.GNU-stack
                0x00000000        0x0 lib/libarm.a(printf.o)
 .note.GNU-stack
                0x00000000        0x0 lib/libarm.a(div0.o)
 .note.GNU-stack
                0x00000000        0x0 fs/fat/libfat.a(fat.o)
 .note.GNU-stack
                0x00000000        0x0 disk/libdisk.a(part.o)
 .note.GNU-stack
                0x00000000        0x0 drivers/libdrivers.a(serial.o)
 .note.GNU-stack
                0x00000000        0x0 drivers/libdrivers.a(ns16550.o)
 .note.GNU-stack
                0x00000000        0x0 drivers/libdrivers.a(onenand.o)
 .note.GNU-stack
                0x00000000        0x0 drivers/libdrivers.a(k9f1g08r0a.o)
 .note.GNU-stack
                0x00000000        0x0 cpu/omap3/libomap3.a(cpu.o)
 .note.GNU-stack
                0x00000000        0x0 lib/libarm.a(ecc.o)

.stab           0x00000000      0xbd0
 .stab          0x00000000      0x378 cpu/omap3/start.o
 .stab          0x00000378      0x3e4 board/omap3evm/libomap3evm.a(platform.o)
                                0x3f0 (size before relaxing)
 .stab          0x0000075c      0x210 lib/libarm.a(_udivsi3.o)
                                0x21c (size before relaxing)
 .stab          0x0000096c      0x264 lib/libarm.a(_umodsi3.o)
                                0x270 (size before relaxing)

.stabstr        0x00000000       0xdc
 .stabstr       0x00000000       0xdc cpu/omap3/start.o

.debug_abbrev   0x00000000     0x1480
 .debug_abbrev  0x00000000      0x342 board/omap3evm/libomap3evm.a(omap3evm.o)
 .debug_abbrev  0x00000342      0x281 cpu/omap3/libomap3.a(mmc.o)
 .debug_abbrev  0x000005c3       0xf2 lib/libarm.a(board.o)
 .debug_abbrev  0x000006b5      0x1ef lib/libarm.a(printf.o)
 .debug_abbrev  0x000008a4       0x29 lib/libarm.a(div0.o)
 .debug_abbrev  0x000008cd      0x37d fs/fat/libfat.a(fat.o)
 .debug_abbrev  0x00000c4a       0xf2 disk/libdisk.a(part.o)
 .debug_abbrev  0x00000d3c      0x14c drivers/libdrivers.a(serial.o)
 .debug_abbrev  0x00000e88       0xff drivers/libdrivers.a(ns16550.o)
 .debug_abbrev  0x00000f87      0x118 drivers/libdrivers.a(onenand.o)
 .debug_abbrev  0x0000109f      0x233 drivers/libdrivers.a(k9f1g08r0a.o)
 .debug_abbrev  0x000012d2       0x4a cpu/omap3/libomap3.a(cpu.o)
 .debug_abbrev  0x0000131c      0x164 lib/libarm.a(ecc.o)

.debug_info     0x00000000     0x40e5
 .debug_info    0x00000000      0xb26 board/omap3evm/libomap3evm.a(omap3evm.o)
 .debug_info    0x00000b26      0xfd9 cpu/omap3/libomap3.a(mmc.o)
 .debug_info    0x00001aff      0x14e lib/libarm.a(board.o)
 .debug_info    0x00001c4d      0x3e5 lib/libarm.a(printf.o)
 .debug_info    0x00002032       0x39 lib/libarm.a(div0.o)
 .debug_info    0x0000206b     0x1005 fs/fat/libfat.a(fat.o)
 .debug_info    0x00003070      0x24c disk/libdisk.a(part.o)
 .debug_info    0x000032bc      0x299 drivers/libdrivers.a(serial.o)
 .debug_info    0x00003555      0x252 drivers/libdrivers.a(ns16550.o)
 .debug_info    0x000037a7      0x20e drivers/libdrivers.a(onenand.o)
 .debug_info    0x000039b5      0x3f3 drivers/libdrivers.a(k9f1g08r0a.o)
 .debug_info    0x00003da8       0x8d cpu/omap3/libomap3.a(cpu.o)
 .debug_info    0x00003e35      0x2b0 lib/libarm.a(ecc.o)

.debug_line     0x00000000      0xfc6
 .debug_line    0x00000000      0x309 board/omap3evm/libomap3evm.a(omap3evm.o)
 .debug_line    0x00000309      0x1fa cpu/omap3/libomap3.a(mmc.o)
 .debug_line    0x00000503       0xc9 lib/libarm.a(board.o)
 .debug_line    0x000005cc      0x1f5 lib/libarm.a(printf.o)
 .debug_line    0x000007c1       0x38 lib/libarm.a(div0.o)
 .debug_line    0x000007f9      0x2b5 fs/fat/libfat.a(fat.o)
 .debug_line    0x00000aae       0xd5 disk/libdisk.a(part.o)
 .debug_line    0x00000b83       0x90 drivers/libdrivers.a(serial.o)
 .debug_line    0x00000c13       0x94 drivers/libdrivers.a(ns16550.o)
 .debug_line    0x00000ca7       0xa7 drivers/libdrivers.a(onenand.o)
 .debug_line    0x00000d4e      0x15e drivers/libdrivers.a(k9f1g08r0a.o)
 .debug_line    0x00000eac       0x36 cpu/omap3/libomap3.a(cpu.o)
 .debug_line    0x00000ee2       0xe4 lib/libarm.a(ecc.o)

.debug_loc      0x00000000     0x1f89
 .debug_loc     0x00000000      0x4aa board/omap3evm/libomap3evm.a(omap3evm.o)
 .debug_loc     0x000004aa      0x662 cpu/omap3/libomap3.a(mmc.o)
 .debug_loc     0x00000b0c       0x70 lib/libarm.a(board.o)
 .debug_loc     0x00000b7c      0x56a lib/libarm.a(printf.o)
 .debug_loc     0x000010e6      0x7fa fs/fat/libfat.a(fat.o)
 .debug_loc     0x000018e0       0x9a disk/libdisk.a(part.o)
 .debug_loc     0x0000197a       0xb8 drivers/libdrivers.a(serial.o)
 .debug_loc     0x00001a32       0x4c drivers/libdrivers.a(ns16550.o)
 .debug_loc     0x00001a7e       0xc1 drivers/libdrivers.a(onenand.o)
 .debug_loc     0x00001b3f      0x18b drivers/libdrivers.a(k9f1g08r0a.o)
 .debug_loc     0x00001cca      0x2bf lib/libarm.a(ecc.o)

.debug_pubnames
                0x00000000      0x69b
 .debug_pubnames
                0x00000000      0x209 board/omap3evm/libomap3evm.a(omap3evm.o)
 .debug_pubnames
                0x00000209      0x13c cpu/omap3/libomap3.a(mmc.o)
 .debug_pubnames
                0x00000345       0x4e lib/libarm.a(board.o)
 .debug_pubnames
                0x00000393       0x30 lib/libarm.a(printf.o)
 .debug_pubnames
                0x000003c3       0x1d lib/libarm.a(div0.o)
 .debug_pubnames
                0x000003e0       0xf2 fs/fat/libfat.a(fat.o)
 .debug_pubnames
                0x000004d2       0x20 disk/libdisk.a(part.o)
 .debug_pubnames
                0x000004f2       0x74 drivers/libdrivers.a(serial.o)
 .debug_pubnames
                0x00000566       0x69 drivers/libdrivers.a(ns16550.o)
 .debug_pubnames
                0x000005cf       0x3a drivers/libdrivers.a(onenand.o)
 .debug_pubnames
                0x00000609       0x34 drivers/libdrivers.a(k9f1g08r0a.o)
 .debug_pubnames
                0x0000063d       0x1f cpu/omap3/libomap3.a(cpu.o)
 .debug_pubnames
                0x0000065c       0x3f lib/libarm.a(ecc.o)

.debug_aranges  0x00000000      0x1a0
 .debug_aranges
                0x00000000       0x20 board/omap3evm/libomap3evm.a(omap3evm.o)
 .debug_aranges
                0x00000020       0x20 cpu/omap3/libomap3.a(mmc.o)
 .debug_aranges
                0x00000040       0x20 lib/libarm.a(board.o)
 .debug_aranges
                0x00000060       0x20 lib/libarm.a(printf.o)
 .debug_aranges
                0x00000080       0x20 lib/libarm.a(div0.o)
 .debug_aranges
                0x000000a0       0x20 fs/fat/libfat.a(fat.o)
 .debug_aranges
                0x000000c0       0x20 disk/libdisk.a(part.o)
 .debug_aranges
                0x000000e0       0x20 drivers/libdrivers.a(serial.o)
 .debug_aranges
                0x00000100       0x20 drivers/libdrivers.a(ns16550.o)
 .debug_aranges
                0x00000120       0x20 drivers/libdrivers.a(onenand.o)
 .debug_aranges
                0x00000140       0x20 drivers/libdrivers.a(k9f1g08r0a.o)
 .debug_aranges
                0x00000160       0x20 cpu/omap3/libomap3.a(cpu.o)
 .debug_aranges
                0x00000180       0x20 lib/libarm.a(ecc.o)

.debug_ranges   0x00000000      0x1b0
 .debug_ranges  0x00000000       0xe0 board/omap3evm/libomap3evm.a(omap3evm.o)
 .debug_ranges  0x000000e0       0x18 lib/libarm.a(printf.o)
 .debug_ranges  0x000000f8       0x78 fs/fat/libfat.a(fat.o)
 .debug_ranges  0x00000170       0x40 drivers/libdrivers.a(k9f1g08r0a.o)

.debug_str      0x00000000     0x135d
 .debug_str     0x00000000      0x3dc board/omap3evm/libomap3evm.a(omap3evm.o)
                                0x488 (size before relaxing)
 .debug_str     0x000003dc      0x6c5 cpu/omap3/libomap3.a(mmc.o)
                                0x80a (size before relaxing)
 .debug_str     0x00000aa1       0x71 lib/libarm.a(board.o)
                                0x114 (size before relaxing)
 .debug_str     0x00000b12       0xb3 lib/libarm.a(printf.o)
                                0x19c (size before relaxing)
 .debug_str     0x00000bc5        0xe lib/libarm.a(div0.o)
                                 0x3e (size before relaxing)
 .debug_str     0x00000bd3      0x45d fs/fat/libfat.a(fat.o)
                                0x5f8 (size before relaxing)
 .debug_str     0x00001030       0x5b disk/libdisk.a(part.o)
                                0x179 (size before relaxing)
 .debug_str     0x0000108b       0xdd drivers/libdrivers.a(serial.o)
                                0x172 (size before relaxing)
 .debug_str     0x00001168       0x63 drivers/libdrivers.a(ns16550.o)
                                 0xe9 (size before relaxing)
 .debug_str     0x000011cb       0x68 drivers/libdrivers.a(onenand.o)
                                0x148 (size before relaxing)
 .debug_str     0x00001233       0x9c drivers/libdrivers.a(k9f1g08r0a.o)
                                0x1b6 (size before relaxing)
 .debug_str     0x000012cf        0xf cpu/omap3/libomap3.a(cpu.o)
                                 0xce (size before relaxing)
 .debug_str     0x000012de       0x7f lib/libarm.a(ecc.o)
                                0x148 (size before relaxing)

.debug_frame    0x00000000      0x8e4
 .debug_frame   0x00000000      0x268 board/omap3evm/libomap3evm.a(omap3evm.o)
 .debug_frame   0x00000268      0x178 cpu/omap3/libomap3.a(mmc.o)
 .debug_frame   0x000003e0       0x5c lib/libarm.a(board.o)
 .debug_frame   0x0000043c       0x88 lib/libarm.a(printf.o)
 .debug_frame   0x000004c4       0x20 lib/libarm.a(div0.o)
 .debug_frame   0x000004e4      0x198 fs/fat/libfat.a(fat.o)
 .debug_frame   0x0000067c       0x38 disk/libdisk.a(part.o)
 .debug_frame   0x000006b4       0x94 drivers/libdrivers.a(serial.o)
 .debug_frame   0x00000748       0x60 drivers/libdrivers.a(ns16550.o)
 .debug_frame   0x000007a8       0x40 drivers/libdrivers.a(onenand.o)
 .debug_frame   0x000007e8       0x8c drivers/libdrivers.a(k9f1g08r0a.o)
 .debug_frame   0x00000874       0x20 cpu/omap3/libomap3.a(cpu.o)
 .debug_frame   0x00000894       0x50 lib/libarm.a(ecc.o)
